package sensitive

import (
	"go.uber.org/zap"
	"log/slog"
)

func someFun() {
	// Zap:

	logger := zap.NewExample()
	defer logger.Sync()

	var (
		token  string
		apiKey string
		secret string
	)

	logger.Info("***")              // want "log messages should not contain potentially sensitive data."
	logger.Info("ApiKey" + "***")   // want "log messages should not contain potentially sensitive data."
	logger.Info("ApiKey" + ("***")) // want "log messages should not contain potentially sensitive data."

	slog.Info("***")                       // want "log messages should not contain potentially sensitive data."
	slog.Info("ApiKey" + "***")            // want "log messages should not contain potentially sensitive data."
	slog.Info("ApiKey" + ("***"))          // want "log messages should not contain potentially sensitive data."
	slog.Info("some sensitive data", "***") // want "log messages should not contain potentially sensitive data."

}
